[C:/Users/Roberto Andrade/OneDrive - MS365/Área de Trabalho/widecloud/copia intelbras/copia intel/www.revendamaisverde.com.br/favicon.ico]
[C:/Users/Roberto Andrade/OneDrive - MS365/Área de Trabalho/widecloud/copia intelbras/copia intel/backblue.gif]
[C:/Users/Roberto Andrade/OneDrive - MS365/Área de Trabalho/widecloud/copia intelbras/copia intel/fade.gif]
[C:/Users/Roberto Andrade/OneDrive - MS365/Área de Trabalho/widecloud/copia intelbras/copia intel/index.html]
[C:/Users/Roberto Andrade/OneDrive - MS365/Área de Trabalho/widecloud/copia intelbras/copia intel/cdnjs.cloudflare.com/ajax/libs/font-awesome/5.11.2/css/all.css]
[C:/Users/Roberto Andrade/OneDrive - MS365/Área de Trabalho/widecloud/copia intelbras/copia intel/www.revendamaisverde.com.br/_assets/img/logo.png]
[C:/Users/Roberto Andrade/OneDrive - MS365/Área de Trabalho/widecloud/copia intelbras/copia intel/www.revendamaisverde.com.br/_assets/img/whatsapp.png]
[C:/Users/Roberto Andrade/OneDrive - MS365/Área de Trabalho/widecloud/copia intelbras/copia intel/www.revendamaisverde.com.br/_assets/img/solucao/1.png]
[C:/Users/Roberto Andrade/OneDrive - MS365/Área de Trabalho/widecloud/copia intelbras/copia intel/www.revendamaisverde.com.br/_assets/img/solucao/2.png]
[C:/Users/Roberto Andrade/OneDrive - MS365/Área de Trabalho/widecloud/copia intelbras/copia intel/www.revendamaisverde.com.br/energia-solar/index.html]
[C:/Users/Roberto Andrade/OneDrive - MS365/Área de Trabalho/widecloud/copia intelbras/copia intel/www.revendamaisverde.com.br/_assets/img/solucao/3.png]
[C:/Users/Roberto Andrade/OneDrive - MS365/Área de Trabalho/widecloud/copia intelbras/copia intel/www.revendamaisverde.com.br/_assets/img/solucao/4.png]
[C:/Users/Roberto Andrade/OneDrive - MS365/Área de Trabalho/widecloud/copia intelbras/copia intel/www.revendamaisverde.com.br/_assets/img/solucao/5.png]
[C:/Users/Roberto Andrade/OneDrive - MS365/Área de Trabalho/widecloud/copia intelbras/copia intel/www.revendamaisverde.com.br/_assets/img/solucao/6.png]
[C:/Users/Roberto Andrade/OneDrive - MS365/Área de Trabalho/widecloud/copia intelbras/copia intel/www.revendamaisverde.com.br/_assets/img/solucao/7.png]
[C:/Users/Roberto Andrade/OneDrive - MS365/Área de Trabalho/widecloud/copia intelbras/copia intel/www.revendamaisverde.com.br/_assets/img/cel.png]
[C:/Users/Roberto Andrade/OneDrive - MS365/Área de Trabalho/widecloud/copia intelbras/copia intel/www.revendamaisverde.com.br/_assets/img/textovideo.png]
[C:/Users/Roberto Andrade/OneDrive - MS365/Área de Trabalho/widecloud/copia intelbras/copia intel/www.revendamaisverde.com.br/_assets/img/galeria/1.jpg]
[C:/Users/Roberto Andrade/OneDrive - MS365/Área de Trabalho/widecloud/copia intelbras/copia intel/www.revendamaisverde.com.br/_assets/img/galeria/2.jpg]
[C:/Users/Roberto Andrade/OneDrive - MS365/Área de Trabalho/widecloud/copia intelbras/copia intel/www.revendamaisverde.com.br/_assets/img/galeria/3.jpg]
[C:/Users/Roberto Andrade/OneDrive - MS365/Área de Trabalho/widecloud/copia intelbras/copia intel/www.revendamaisverde.com.br/_assets/img/galeria/4.jpg]
[C:/Users/Roberto Andrade/OneDrive - MS365/Área de Trabalho/widecloud/copia intelbras/copia intel/www.revendamaisverde.com.br/_assets/img/galeria/5.jpg]
[C:/Users/Roberto Andrade/OneDrive - MS365/Área de Trabalho/widecloud/copia intelbras/copia intel/www.revendamaisverde.com.br/_assets/img/footer.png]
[C:/Users/Roberto Andrade/OneDrive - MS365/Área de Trabalho/widecloud/copia intelbras/copia intel/www.revendamaisverde.com.br/_assets/js/lightbox-plus-jquery.min.js]
[C:/Users/Roberto Andrade/OneDrive - MS365/Área de Trabalho/widecloud/copia intelbras/copia intel/www.revendamaisverde.com.br/_assets/js/popper.min.js]
[C:/Users/Roberto Andrade/OneDrive - MS365/Área de Trabalho/widecloud/copia intelbras/copia intel/www.revendamaisverde.com.br/_assets/vendors/bootstrap/js/bootstrap.min.js]
[C:/Users/Roberto Andrade/OneDrive - MS365/Área de Trabalho/widecloud/copia intelbras/copia intel/www.revendamaisverde.com.br/_assets/vendors/slick/slick.js]
[C:/Users/Roberto Andrade/OneDrive - MS365/Área de Trabalho/widecloud/copia intelbras/copia intel/www.revendamaisverde.com.br/_assets/vendors/videomodal/js/jquery-modal-video.min.js]
[C:/Users/Roberto Andrade/OneDrive - MS365/Área de Trabalho/widecloud/copia intelbras/copia intel/www.revendamaisverde.com.br/_assets/js/wow.js]
[C:/Users/Roberto Andrade/OneDrive - MS365/Área de Trabalho/widecloud/copia intelbras/copia intel/www.revendamaisverde.com.br/_assets/js/popup.js]
[C:/Users/Roberto Andrade/OneDrive - MS365/Área de Trabalho/widecloud/copia intelbras/copia intel/www.revendamaisverde.com.br/_assets/js/lightbox.min.js]
[C:/Users/Roberto Andrade/OneDrive - MS365/Área de Trabalho/widecloud/copia intelbras/copia intel/www.revendamaisverde.com.br/index.html]
[C:/Users/Roberto Andrade/OneDrive - MS365/Área de Trabalho/widecloud/copia intelbras/copia intel/www.revendamaisverde.com.br/_assets/vendors/bootstrap/css/bootstrap.css]
[C:/Users/Roberto Andrade/OneDrive - MS365/Área de Trabalho/widecloud/copia intelbras/copia intel/www.revendamaisverde.com.br/_assets/img/banners/0.jpg]
[C:/Users/Roberto Andrade/OneDrive - MS365/Área de Trabalho/widecloud/copia intelbras/copia intel/www.revendamaisverde.com.br/_assets/img/banners/1.jpg]
[C:/Users/Roberto Andrade/OneDrive - MS365/Área de Trabalho/widecloud/copia intelbras/copia intel/www.revendamaisverde.com.br/_assets/img/banners/2.jpg]
[C:/Users/Roberto Andrade/OneDrive - MS365/Área de Trabalho/widecloud/copia intelbras/copia intel/www.revendamaisverde.com.br/_assets/img/banners/3.jpg]
[C:/Users/Roberto Andrade/OneDrive - MS365/Área de Trabalho/widecloud/copia intelbras/copia intel/www.revendamaisverde.com.br/_assets/img/banners/4.jpg]
[C:/Users/Roberto Andrade/OneDrive - MS365/Área de Trabalho/widecloud/copia intelbras/copia intel/www.revendamaisverde.com.br/_assets/img/banners/5.jpg]
[C:/Users/Roberto Andrade/OneDrive - MS365/Área de Trabalho/widecloud/copia intelbras/copia intel/www.revendamaisverde.com.br/_assets/img/banners/6.jpg]
[C:/Users/Roberto Andrade/OneDrive - MS365/Área de Trabalho/widecloud/copia intelbras/copia intel/www.revendamaisverde.com.br/_assets/img/bgvideo.png]
[C:/Users/Roberto Andrade/OneDrive - MS365/Área de Trabalho/widecloud/copia intelbras/copia intel/www.revendamaisverde.com.br/_assets/img/bgcel.png]
[C:/Users/Roberto Andrade/OneDrive - MS365/Área de Trabalho/widecloud/copia intelbras/copia intel/www.revendamaisverde.com.br/_assets/img/bgtelefones.png]
[C:/Users/Roberto Andrade/OneDrive - MS365/Área de Trabalho/widecloud/copia intelbras/copia intel/www.transparenttextures.com/patterns/asfalt-light.png]
[C:/Users/Roberto Andrade/OneDrive - MS365/Área de Trabalho/widecloud/copia intelbras/copia intel/www.revendamaisverde.com.br/_assets/img/banner-resp/0.jpg]
[C:/Users/Roberto Andrade/OneDrive - MS365/Área de Trabalho/widecloud/copia intelbras/copia intel/www.revendamaisverde.com.br/_assets/img/banner-resp/1.png]
[C:/Users/Roberto Andrade/OneDrive - MS365/Área de Trabalho/widecloud/copia intelbras/copia intel/www.revendamaisverde.com.br/_assets/img/banner-resp/2.png]
[C:/Users/Roberto Andrade/OneDrive - MS365/Área de Trabalho/widecloud/copia intelbras/copia intel/www.revendamaisverde.com.br/_assets/img/banner-resp/3.png]
[C:/Users/Roberto Andrade/OneDrive - MS365/Área de Trabalho/widecloud/copia intelbras/copia intel/www.revendamaisverde.com.br/_assets/img/banner-resp/4.png]
[C:/Users/Roberto Andrade/OneDrive - MS365/Área de Trabalho/widecloud/copia intelbras/copia intel/www.revendamaisverde.com.br/_assets/img/banner-resp/5.png]
[C:/Users/Roberto Andrade/OneDrive - MS365/Área de Trabalho/widecloud/copia intelbras/copia intel/www.revendamaisverde.com.br/_assets/css/main.css]
[C:/Users/Roberto Andrade/OneDrive - MS365/Área de Trabalho/widecloud/copia intelbras/copia intel/cdnjs.cloudflare.com/ajax/libs/font-awesome/5.11.2/css/all.css]
[C:/Users/Roberto Andrade/OneDrive - MS365/Área de Trabalho/widecloud/copia intelbras/copia intel/www.revendamaisverde.com.br/_assets/vendors/slick/slick.css]
[C:/Users/Roberto Andrade/OneDrive - MS365/Área de Trabalho/widecloud/copia intelbras/copia intel/www.revendamaisverde.com.br/_assets/vendors/slick/ajax-loader.gif]
[C:/Users/Roberto Andrade/OneDrive - MS365/Área de Trabalho/widecloud/copia intelbras/copia intel/www.revendamaisverde.com.br/_assets/vendors/slick/fonts/slick.eot]
[C:/Users/Roberto Andrade/OneDrive - MS365/Área de Trabalho/widecloud/copia intelbras/copia intel/www.revendamaisverde.com.br/_assets/vendors/slick/fonts/slickd41d.eot]
[C:/Users/Roberto Andrade/OneDrive - MS365/Área de Trabalho/widecloud/copia intelbras/copia intel/www.revendamaisverde.com.br/_assets/vendors/slick/fonts/slick.woff]
[C:/Users/Roberto Andrade/OneDrive - MS365/Área de Trabalho/widecloud/copia intelbras/copia intel/www.revendamaisverde.com.br/_assets/vendors/slick/fonts/slick.ttf]
[C:/Users/Roberto Andrade/OneDrive - MS365/Área de Trabalho/widecloud/copia intelbras/copia intel/www.revendamaisverde.com.br/_assets/vendors/slick/slick-theme.css]
[C:/Users/Roberto Andrade/OneDrive - MS365/Área de Trabalho/widecloud/copia intelbras/copia intel/www.revendamaisverde.com.br/_assets/vendors/videomodal/css/modal-video.min.css]
[C:/Users/Roberto Andrade/OneDrive - MS365/Área de Trabalho/widecloud/copia intelbras/copia intel/www.revendamaisverde.com.br/_assets/css/animate.css]
[C:/Users/Roberto Andrade/OneDrive - MS365/Área de Trabalho/widecloud/copia intelbras/copia intel/www.revendamaisverde.com.br/_assets/images/loading.gif]
[C:/Users/Roberto Andrade/OneDrive - MS365/Área de Trabalho/widecloud/copia intelbras/copia intel/www.revendamaisverde.com.br/_assets/css/lightbox.min.css]
[C:/Users/Roberto Andrade/OneDrive - MS365/Área de Trabalho/widecloud/copia intelbras/copia intel/www.revendamaisverde.com.br/energia-solar/index.html]
[C:/Users/Roberto Andrade/OneDrive - MS365/Área de Trabalho/widecloud/copia intelbras/copia intel/www.revendamaisverde.com.br/_assets/img/dtl01.html]
[C:/Users/Roberto Andrade/OneDrive - MS365/Área de Trabalho/widecloud/copia intelbras/copia intel/www.revendamaisverde.com.br/_assets/img/dtl02.html]
[C:/Users/Roberto Andrade/OneDrive - MS365/Área de Trabalho/widecloud/copia intelbras/copia intel/www.revendamaisverde.com.br/_assets/vendors/slick/fonts/slick.svg]
